2026-02-04 11:42:01.617 [background-preinit] INFO  org.hibernate.validator.internal.util.Version - HV000001: Hibernate Validator 8.0.1.Final
2026-02-04 11:42:01.750 [main] INFO  com.rosy.WebApplication - Starting WebApplication v0.0.1 using Java 21.0.6 with PID 2596 (D:\work\code\money\LiveMngServer_kimi_k2.5\web\target\web-0.0.1.jar started by qiaoqiao in D:\work\code\money\LiveMngServer_kimi_k2.5)
2026-02-04 11:42:01.751 [main] INFO  com.rosy.WebApplication - The following 1 profile is active: "dev"
2026-02-04 11:42:03.414 [main] INFO  o.s.d.r.config.RepositoryConfigurationDelegate - Multiple Spring Data modules found, entering strict repository configuration mode
2026-02-04 11:42:03.418 [main] INFO  o.s.d.r.config.RepositoryConfigurationDelegate - Bootstrapping Spring Data Redis repositories in DEFAULT mode.
2026-02-04 11:42:03.453 [main] INFO  o.s.d.r.config.RepositoryConfigurationDelegate - Finished Spring Data repository scanning in 18 ms. Found 0 Redis repository interfaces.
2026-02-04 11:42:05.211 [main] INFO  o.s.boot.web.embedded.tomcat.TomcatWebServer - Tomcat initialized with port 8080 (http)
2026-02-04 11:42:05.227 [main] INFO  org.apache.coyote.http11.Http11NioProtocol - Initializing ProtocolHandler ["http-nio-0.0.0.0-8080"]
2026-02-04 11:42:05.228 [main] INFO  org.apache.catalina.core.StandardService - Starting service [Tomcat]
2026-02-04 11:42:05.228 [main] INFO  org.apache.catalina.core.StandardEngine - Starting Servlet engine: [Apache Tomcat/10.1.33]
2026-02-04 11:42:05.272 [main] INFO  o.a.c.core.ContainerBase.[Tomcat].[localhost].[/] - Initializing Spring embedded WebApplicationContext
2026-02-04 11:42:05.273 [main] INFO  o.s.b.w.s.c.ServletWebServerApplicationContext - Root WebApplicationContext: initialization completed in 3454 ms
2026-02-04 11:42:08.020 [main] INFO  o.s.s.c.a.a.c.InitializeUserDetailsBeanManagerConfigurer$InitializeUserDetailsManagerConfigurer - Global AuthenticationManager configured with UserDetailsService bean with name inMemoryUserDetailsManager
2026-02-04 11:42:10.891 [main] INFO  org.apache.coyote.http11.Http11NioProtocol - Starting ProtocolHandler ["http-nio-0.0.0.0-8080"]
2026-02-04 11:42:10.907 [main] INFO  o.s.boot.web.embedded.tomcat.TomcatWebServer - Tomcat started on port 8080 (http) with context path '/'
2026-02-04 11:42:10.917 [main] INFO  com.rosy.WebApplication - Started WebApplication in 9.768 seconds (process running for 10.643)
2026-02-04 11:42:18.511 [http-nio-0.0.0.0-8080-exec-1] INFO  o.a.c.core.ContainerBase.[Tomcat].[localhost].[/] - Initializing Spring DispatcherServlet 'dispatcherServlet'
2026-02-04 11:42:18.511 [http-nio-0.0.0.0-8080-exec-1] INFO  org.springframework.web.servlet.DispatcherServlet - Initializing Servlet 'dispatcherServlet'
2026-02-04 11:42:18.514 [http-nio-0.0.0.0-8080-exec-1] INFO  org.springframework.web.servlet.DispatcherServlet - Completed initialization in 1 ms
2026-02-04 11:42:57.666 [http-nio-0.0.0.0-8080-exec-2] INFO  org.springdoc.api.AbstractOpenApiResource - Init duration for springdoc-openapi is: 665 ms
2026-02-04 11:43:22.423 [background-preinit] INFO  org.hibernate.validator.internal.util.Version - HV000001: Hibernate Validator 8.0.1.Final
2026-02-04 11:43:22.481 [restartedMain] INFO  com.rosy.WebApplication - Starting WebApplication using Java 21.0.6 with PID 20944 (D:\work\code\money\LiveMngServer_kimi_k2.5\web\target\classes started by qiaoqiao in D:\work\code\money\LiveMngServer_kimi_k2.5)
2026-02-04 11:43:22.483 [restartedMain] INFO  com.rosy.WebApplication - The following 1 profile is active: "dev"
2026-02-04 11:43:22.540 [restartedMain] INFO  o.s.b.d.env.DevToolsPropertyDefaultsPostProcessor - Devtools property defaults active! Set 'spring.devtools.add-properties' to 'false' to disable
2026-02-04 11:43:22.541 [restartedMain] INFO  o.s.b.d.env.DevToolsPropertyDefaultsPostProcessor - For additional web related logging consider setting the 'logging.level.web' property to 'DEBUG'
2026-02-04 11:43:23.295 [restartedMain] INFO  o.s.c.i.s.PathMatchingResourcePatternResolver - Skipping search for files matching pattern [**/*.class]: directory [D:\work\code\money\LiveMngServer_kimi_k2.5\web\target\classes\com\rosy\framework\config] does not exist
2026-02-04 11:43:23.296 [restartedMain] INFO  o.s.c.i.s.PathMatchingResourcePatternResolver - Skipping search for files matching pattern [**/*.class]: directory [D:\work\code\money\LiveMngServer_kimi_k2.5\main\target\classes\com\rosy\framework\config] does not exist
2026-02-04 11:43:23.296 [restartedMain] INFO  o.s.c.i.s.PathMatchingResourcePatternResolver - Skipping search for files matching pattern [**/*.class]: directory [D:\work\code\money\LiveMngServer_kimi_k2.5\common\target\classes\com\rosy\framework\config] does not exist
2026-02-04 11:43:23.786 [restartedMain] INFO  o.s.d.r.config.RepositoryConfigurationDelegate - Multiple Spring Data modules found, entering strict repository configuration mode
2026-02-04 11:43:23.788 [restartedMain] INFO  o.s.d.r.config.RepositoryConfigurationDelegate - Bootstrapping Spring Data Redis repositories in DEFAULT mode.
2026-02-04 11:43:23.828 [restartedMain] INFO  o.s.d.r.config.RepositoryConfigurationDelegate - Finished Spring Data repository scanning in 24 ms. Found 0 Redis repository interfaces.
2026-02-04 11:43:25.153 [restartedMain] INFO  o.s.boot.web.embedded.tomcat.TomcatWebServer - Tomcat initialized with port 8080 (http)
2026-02-04 11:43:25.170 [restartedMain] INFO  org.apache.coyote.http11.Http11NioProtocol - Initializing ProtocolHandler ["http-nio-0.0.0.0-8080"]
2026-02-04 11:43:25.171 [restartedMain] INFO  org.apache.catalina.core.StandardService - Starting service [Tomcat]
2026-02-04 11:43:25.171 [restartedMain] INFO  org.apache.catalina.core.StandardEngine - Starting Servlet engine: [Apache Tomcat/10.1.33]
2026-02-04 11:43:25.222 [restartedMain] INFO  o.a.c.core.ContainerBase.[Tomcat].[localhost].[/] - Initializing Spring embedded WebApplicationContext
2026-02-04 11:43:25.222 [restartedMain] INFO  o.s.b.w.s.c.ServletWebServerApplicationContext - Root WebApplicationContext: initialization completed in 2681 ms
2026-02-04 11:43:27.301 [restartedMain] INFO  o.s.s.c.a.a.c.InitializeUserDetailsBeanManagerConfigurer$InitializeUserDetailsManagerConfigurer - Global AuthenticationManager configured with UserDetailsService bean with name inMemoryUserDetailsManager
2026-02-04 11:43:30.660 [restartedMain] INFO  o.s.b.d.autoconfigure.OptionalLiveReloadServer - LiveReload server is running on port 35729
2026-02-04 11:43:30.798 [restartedMain] INFO  org.apache.coyote.http11.Http11NioProtocol - Starting ProtocolHandler ["http-nio-0.0.0.0-8080"]
2026-02-04 11:43:30.839 [restartedMain] INFO  o.s.b.a.logging.ConditionEvaluationReportLogger - 

Error starting ApplicationContext. To display the condition evaluation report re-run your application with 'debug' enabled.
2026-02-04 11:44:02.804 [background-preinit] INFO  org.hibernate.validator.internal.util.Version - HV000001: Hibernate Validator 8.0.1.Final
2026-02-04 11:44:02.885 [restartedMain] INFO  com.rosy.WebApplication - Starting WebApplication using Java 21.0.6 with PID 20316 (D:\work\code\money\LiveMngServer_kimi_k2.5\web\target\classes started by qiaoqiao in D:\work\code\money\LiveMngServer_kimi_k2.5)
2026-02-04 11:44:02.886 [restartedMain] INFO  com.rosy.WebApplication - The following 1 profile is active: "dev"
2026-02-04 11:44:02.953 [restartedMain] INFO  o.s.b.d.env.DevToolsPropertyDefaultsPostProcessor - Devtools property defaults active! Set 'spring.devtools.add-properties' to 'false' to disable
2026-02-04 11:44:02.954 [restartedMain] INFO  o.s.b.d.env.DevToolsPropertyDefaultsPostProcessor - For additional web related logging consider setting the 'logging.level.web' property to 'DEBUG'
2026-02-04 11:44:03.693 [restartedMain] INFO  o.s.c.i.s.PathMatchingResourcePatternResolver - Skipping search for files matching pattern [**/*.class]: directory [D:\work\code\money\LiveMngServer_kimi_k2.5\web\target\classes\com\rosy\framework\config] does not exist
2026-02-04 11:44:03.694 [restartedMain] INFO  o.s.c.i.s.PathMatchingResourcePatternResolver - Skipping search for files matching pattern [**/*.class]: directory [D:\work\code\money\LiveMngServer_kimi_k2.5\main\target\classes\com\rosy\framework\config] does not exist
2026-02-04 11:44:03.694 [restartedMain] INFO  o.s.c.i.s.PathMatchingResourcePatternResolver - Skipping search for files matching pattern [**/*.class]: directory [D:\work\code\money\LiveMngServer_kimi_k2.5\common\target\classes\com\rosy\framework\config] does not exist
2026-02-04 11:44:04.019 [restartedMain] INFO  o.s.d.r.config.RepositoryConfigurationDelegate - Multiple Spring Data modules found, entering strict repository configuration mode
2026-02-04 11:44:04.021 [restartedMain] INFO  o.s.d.r.config.RepositoryConfigurationDelegate - Bootstrapping Spring Data Redis repositories in DEFAULT mode.
2026-02-04 11:44:04.062 [restartedMain] INFO  o.s.d.r.config.RepositoryConfigurationDelegate - Finished Spring Data repository scanning in 25 ms. Found 0 Redis repository interfaces.
2026-02-04 11:44:05.310 [restartedMain] INFO  o.s.boot.web.embedded.tomcat.TomcatWebServer - Tomcat initialized with port 8081 (http)
2026-02-04 11:44:05.323 [restartedMain] INFO  org.apache.coyote.http11.Http11NioProtocol - Initializing ProtocolHandler ["http-nio-0.0.0.0-8081"]
2026-02-04 11:44:05.324 [restartedMain] INFO  org.apache.catalina.core.StandardService - Starting service [Tomcat]
2026-02-04 11:44:05.324 [restartedMain] INFO  org.apache.catalina.core.StandardEngine - Starting Servlet engine: [Apache Tomcat/10.1.33]
2026-02-04 11:44:05.383 [restartedMain] INFO  o.a.c.core.ContainerBase.[Tomcat].[localhost].[/] - Initializing Spring embedded WebApplicationContext
2026-02-04 11:44:05.383 [restartedMain] INFO  o.s.b.w.s.c.ServletWebServerApplicationContext - Root WebApplicationContext: initialization completed in 2429 ms
2026-02-04 11:44:07.551 [restartedMain] INFO  o.s.s.c.a.a.c.InitializeUserDetailsBeanManagerConfigurer$InitializeUserDetailsManagerConfigurer - Global AuthenticationManager configured with UserDetailsService bean with name inMemoryUserDetailsManager
2026-02-04 11:44:10.954 [restartedMain] INFO  o.s.b.d.autoconfigure.OptionalLiveReloadServer - LiveReload server is running on port 35729
2026-02-04 11:44:11.090 [restartedMain] INFO  org.apache.coyote.http11.Http11NioProtocol - Starting ProtocolHandler ["http-nio-0.0.0.0-8081"]
2026-02-04 11:44:11.100 [restartedMain] INFO  o.s.boot.web.embedded.tomcat.TomcatWebServer - Tomcat started on port 8081 (http) with context path '/'
2026-02-04 11:44:11.111 [restartedMain] INFO  com.rosy.WebApplication - Started WebApplication in 8.939 seconds (process running for 10.105)
2026-02-04 11:45:23.210 [SpringApplicationShutdownHook] INFO  o.s.boot.web.embedded.tomcat.GracefulShutdown - Commencing graceful shutdown. Waiting for active requests to complete
2026-02-04 11:45:23.215 [tomcat-shutdown] INFO  o.s.boot.web.embedded.tomcat.GracefulShutdown - Graceful shutdown complete
2026-02-04 11:57:03.391 [background-preinit] INFO  org.hibernate.validator.internal.util.Version - HV000001: Hibernate Validator 8.0.1.Final
2026-02-04 11:57:03.445 [restartedMain] INFO  com.rosy.WebApplication - Starting WebApplication using Java 21.0.6 with PID 23000 (D:\work\code\money\LiveMngServer_kimi_k2.5\web\target\classes started by qiaoqiao in D:\work\code\money\LiveMngServer_kimi_k2.5)
2026-02-04 11:57:03.446 [restartedMain] INFO  com.rosy.WebApplication - The following 1 profile is active: "dev"
2026-02-04 11:57:03.501 [restartedMain] INFO  o.s.b.d.env.DevToolsPropertyDefaultsPostProcessor - Devtools property defaults active! Set 'spring.devtools.add-properties' to 'false' to disable
2026-02-04 11:57:03.501 [restartedMain] INFO  o.s.b.d.env.DevToolsPropertyDefaultsPostProcessor - For additional web related logging consider setting the 'logging.level.web' property to 'DEBUG'
2026-02-04 11:57:04.341 [restartedMain] INFO  o.s.c.i.s.PathMatchingResourcePatternResolver - Skipping search for files matching pattern [**/*.class]: directory [D:\work\code\money\LiveMngServer_kimi_k2.5\web\target\classes\com\rosy\framework\config] does not exist
2026-02-04 11:57:04.343 [restartedMain] INFO  o.s.c.i.s.PathMatchingResourcePatternResolver - Skipping search for files matching pattern [**/*.class]: directory [D:\work\code\money\LiveMngServer_kimi_k2.5\main\target\classes\com\rosy\framework\config] does not exist
2026-02-04 11:57:04.343 [restartedMain] INFO  o.s.c.i.s.PathMatchingResourcePatternResolver - Skipping search for files matching pattern [**/*.class]: directory [D:\work\code\money\LiveMngServer_kimi_k2.5\common\target\classes\com\rosy\framework\config] does not exist
2026-02-04 11:57:04.727 [restartedMain] INFO  o.s.d.r.config.RepositoryConfigurationDelegate - Multiple Spring Data modules found, entering strict repository configuration mode
2026-02-04 11:57:04.729 [restartedMain] INFO  o.s.d.r.config.RepositoryConfigurationDelegate - Bootstrapping Spring Data Redis repositories in DEFAULT mode.
2026-02-04 11:57:04.768 [restartedMain] INFO  o.s.d.r.config.RepositoryConfigurationDelegate - Finished Spring Data repository scanning in 22 ms. Found 0 Redis repository interfaces.
2026-02-04 11:57:06.104 [restartedMain] INFO  o.s.boot.web.embedded.tomcat.TomcatWebServer - Tomcat initialized with port 8080 (http)
2026-02-04 11:57:06.120 [restartedMain] INFO  org.apache.coyote.http11.Http11NioProtocol - Initializing ProtocolHandler ["http-nio-0.0.0.0-8080"]
2026-02-04 11:57:06.121 [restartedMain] INFO  org.apache.catalina.core.StandardService - Starting service [Tomcat]
2026-02-04 11:57:06.123 [restartedMain] INFO  org.apache.catalina.core.StandardEngine - Starting Servlet engine: [Apache Tomcat/10.1.33]
2026-02-04 11:57:06.182 [restartedMain] INFO  o.a.c.core.ContainerBase.[Tomcat].[localhost].[/] - Initializing Spring embedded WebApplicationContext
2026-02-04 11:57:06.182 [restartedMain] INFO  o.s.b.w.s.c.ServletWebServerApplicationContext - Root WebApplicationContext: initialization completed in 2681 ms
2026-02-04 11:57:08.450 [restartedMain] INFO  o.s.s.c.a.a.c.InitializeUserDetailsBeanManagerConfigurer$InitializeUserDetailsManagerConfigurer - Global AuthenticationManager configured with UserDetailsService bean with name inMemoryUserDetailsManager
2026-02-04 11:57:11.737 [restartedMain] INFO  o.s.b.d.autoconfigure.OptionalLiveReloadServer - LiveReload server is running on port 35729
2026-02-04 11:57:11.908 [restartedMain] INFO  org.apache.coyote.http11.Http11NioProtocol - Starting ProtocolHandler ["http-nio-0.0.0.0-8080"]
2026-02-04 11:57:12.001 [restartedMain] INFO  o.s.b.a.logging.ConditionEvaluationReportLogger - 

Error starting ApplicationContext. To display the condition evaluation report re-run your application with 'debug' enabled.
2026-02-04 12:27:58.641 [background-preinit] INFO  org.hibernate.validator.internal.util.Version - HV000001: Hibernate Validator 8.0.1.Final
2026-02-04 12:27:58.686 [restartedMain] INFO  com.rosy.WebApplication - Starting WebApplication using Java 21.0.6 with PID 11564 (D:\work\code\money\LiveMngServer_kimi_k2.5\web\target\classes started by qiaoqiao in D:\work\code\money\LiveMngServer_kimi_k2.5)
2026-02-04 12:27:58.687 [restartedMain] INFO  com.rosy.WebApplication - The following 1 profile is active: "dev"
2026-02-04 12:27:58.737 [restartedMain] INFO  o.s.b.d.env.DevToolsPropertyDefaultsPostProcessor - Devtools property defaults active! Set 'spring.devtools.add-properties' to 'false' to disable
2026-02-04 12:27:58.737 [restartedMain] INFO  o.s.b.d.env.DevToolsPropertyDefaultsPostProcessor - For additional web related logging consider setting the 'logging.level.web' property to 'DEBUG'
2026-02-04 12:27:59.295 [restartedMain] INFO  o.s.c.i.s.PathMatchingResourcePatternResolver - Skipping search for files matching pattern [**/*.class]: directory [D:\work\code\money\LiveMngServer_kimi_k2.5\web\target\classes\com\rosy\framework\config] does not exist
2026-02-04 12:27:59.297 [restartedMain] INFO  o.s.c.i.s.PathMatchingResourcePatternResolver - Skipping search for files matching pattern [**/*.class]: directory [D:\work\code\money\LiveMngServer_kimi_k2.5\main\target\classes\com\rosy\framework\config] does not exist
2026-02-04 12:27:59.297 [restartedMain] INFO  o.s.c.i.s.PathMatchingResourcePatternResolver - Skipping search for files matching pattern [**/*.class]: directory [D:\work\code\money\LiveMngServer_kimi_k2.5\common\target\classes\com\rosy\framework\config] does not exist
2026-02-04 12:27:59.573 [restartedMain] INFO  o.s.d.r.config.RepositoryConfigurationDelegate - Multiple Spring Data modules found, entering strict repository configuration mode
2026-02-04 12:27:59.575 [restartedMain] INFO  o.s.d.r.config.RepositoryConfigurationDelegate - Bootstrapping Spring Data Redis repositories in DEFAULT mode.
2026-02-04 12:27:59.609 [restartedMain] INFO  o.s.d.r.config.RepositoryConfigurationDelegate - Finished Spring Data repository scanning in 21 ms. Found 0 Redis repository interfaces.
2026-02-04 12:28:00.642 [restartedMain] INFO  o.s.boot.web.embedded.tomcat.TomcatWebServer - Tomcat initialized with port 8080 (http)
2026-02-04 12:28:00.655 [restartedMain] INFO  org.apache.coyote.http11.Http11NioProtocol - Initializing ProtocolHandler ["http-nio-0.0.0.0-8080"]
2026-02-04 12:28:00.656 [restartedMain] INFO  org.apache.catalina.core.StandardService - Starting service [Tomcat]
2026-02-04 12:28:00.656 [restartedMain] INFO  org.apache.catalina.core.StandardEngine - Starting Servlet engine: [Apache Tomcat/10.1.33]
2026-02-04 12:28:00.701 [restartedMain] INFO  o.a.c.core.ContainerBase.[Tomcat].[localhost].[/] - Initializing Spring embedded WebApplicationContext
2026-02-04 12:28:00.701 [restartedMain] INFO  o.s.b.w.s.c.ServletWebServerApplicationContext - Root WebApplicationContext: initialization completed in 1962 ms
2026-02-04 12:28:02.521 [restartedMain] INFO  o.s.s.c.a.a.c.InitializeUserDetailsBeanManagerConfigurer$InitializeUserDetailsManagerConfigurer - Global AuthenticationManager configured with UserDetailsService bean with name inMemoryUserDetailsManager
2026-02-04 12:28:05.387 [restartedMain] INFO  o.s.b.d.autoconfigure.OptionalLiveReloadServer - LiveReload server is running on port 35729
2026-02-04 12:28:05.492 [restartedMain] INFO  org.apache.coyote.http11.Http11NioProtocol - Starting ProtocolHandler ["http-nio-0.0.0.0-8080"]
2026-02-04 12:28:05.500 [restartedMain] INFO  o.s.boot.web.embedded.tomcat.TomcatWebServer - Tomcat started on port 8080 (http) with context path '/'
2026-02-04 12:28:05.508 [restartedMain] INFO  com.rosy.WebApplication - Started WebApplication in 7.159 seconds (process running for 7.887)
2026-02-04 12:28:15.489 [SpringApplicationShutdownHook] INFO  o.s.boot.web.embedded.tomcat.GracefulShutdown - Commencing graceful shutdown. Waiting for active requests to complete
2026-02-04 12:28:15.492 [tomcat-shutdown] INFO  o.s.boot.web.embedded.tomcat.GracefulShutdown - Graceful shutdown complete
